// Jest Snapshot v1, https://goo.gl/fbAQLP

exports[`DatePicker 组件测试 create 1`] = `
<DocumentFragment>
  <div
    class="i-date-picker"
    data-type="date"
  >
    <div
      class="i-popup__reference i-date-popup"
    >
      <div
        class="i-input i-input-is-readonly"
      >
        <input
          class="i-input__inner"
          placeholder="请选择日期"
          readonly=""
          value="2022-09-19"
        />
        <i
          class="i-icon icon-Calendar i-input-suffix-icon"
        />
      </div>
    </div>
  </div>
</DocumentFragment>
`;
