// Jest Snapshot v1, https://goo.gl/fbAQLP

exports[`Empty 组件测试 create 1`] = `
<DocumentFragment>
  <div
    class="i-empty"
  >
    <div
      class="i-empty-image"
    >
      <svg
        fill="none"
        height="420"
        viewBox="0 0 640 420"
        width="640"
        xmlns="http://www.w3.org/2000/svg"
      >
        <g
          clip-path="url(#clip0_44_427)"
        >
          <path
            d="M321.95 420.27C484.62 420.27 616.49 386.772 616.49 345.45C616.49 304.128 484.62 270.63 321.95 270.63C159.28 270.63 27.4102 304.128 27.4102 345.45C27.4102 386.772 159.28 420.27 321.95 420.27Z"
            fill="url(#paint0_linear_44_427)"
          />
          <path
            d="M153.05 91.3007L315.55 39V183.15L178.98 133.141L153.05 91.3007Z"
            fill="url(#paint1_linear_44_427)"
          />
          <path
            d="M315.55 39L516.65 87.3753L484.95 269.441L315.55 217.469V39Z"
            fill="url(#paint2_linear_44_427)"
          />
          <path
            d="M153.05 91.3008L332.83 144.259V384.82L153.05 321.413V91.3008Z"
            fill="url(#paint3_linear_44_427)"
          />
          <path
            d="M516.65 87.3755V325.338L332.83 384.82V144.26L516.65 87.3755Z"
            fill="url(#paint4_linear_44_427)"
          />
          <path
            d="M268.01 238.06L107.24 170.399L153.05 91.3008L332.83 144.259L268.01 238.06Z"
            fill="url(#paint5_linear_44_427)"
          />
          <path
            d="M516.65 87.3755L582.62 159.621L401.98 238.061L332.83 144.26L516.65 87.3755Z"
            fill="url(#paint6_linear_44_427)"
          />
        </g>
        <defs>
          <lineargradient
            gradientUnits="userSpaceOnUse"
            id="paint0_linear_44_427"
            x1="321.954"
            x2="321.954"
            y1="270.635"
            y2="420.274"
          >
            <stop
              stop-color="#EAEAEA"
            />
            <stop
              offset="1"
              stop-color="#FCFCFC"
            />
          </lineargradient>
          <lineargradient
            gradientUnits="userSpaceOnUse"
            id="paint1_linear_44_427"
            x1="234.299"
            x2="234.299"
            y1="183.151"
            y2="39.0045"
          >
            <stop
              offset="0.1119"
              stop-color="#DADCE1"
            />
            <stop
              offset="0.9205"
              stop-color="#DFE1E4"
            />
          </lineargradient>
          <lineargradient
            gradientUnits="userSpaceOnUse"
            id="paint2_linear_44_427"
            x1="416.096"
            x2="416.096"
            y1="269.442"
            y2="39.0045"
          >
            <stop
              offset="0.0884"
              stop-color="#EBEEF2"
            />
            <stop
              offset="1"
              stop-color="#E8EAEE"
            />
          </lineargradient>
          <lineargradient
            gradientUnits="userSpaceOnUse"
            id="paint3_linear_44_427"
            x1="332.832"
            x2="153.052"
            y1="238.064"
            y2="238.064"
          >
            <stop
              offset="0.0884"
              stop-color="#E7E8EC"
            />
            <stop
              offset="1"
              stop-color="#F9F9FA"
            />
          </lineargradient>
          <lineargradient
            gradientUnits="userSpaceOnUse"
            id="paint4_linear_44_427"
            x1="344.5"
            x2="536.021"
            y1="392.467"
            y2="100.071"
          >
            <stop
              offset="0.1119"
              stop-color="#DADCE2"
            />
            <stop
              offset="0.9205"
              stop-color="#DADCE2"
            />
          </lineargradient>
          <lineargradient
            gradientUnits="userSpaceOnUse"
            id="paint5_linear_44_427"
            x1="332.832"
            x2="107.242"
            y1="164.683"
            y2="164.683"
          >
            <stop
              offset="0.0884"
              stop-color="#F6F7FA"
            />
            <stop
              offset="1"
              stop-color="#F6F7FA"
            />
          </lineargradient>
          <lineargradient
            gradientUnits="userSpaceOnUse"
            id="paint6_linear_44_427"
            x1="582.624"
            x2="332.832"
            y1="162.722"
            y2="162.722"
          >
            <stop
              offset="0.0884"
              stop-color="#F6F7FA"
            />
            <stop
              offset="1"
              stop-color="#F6F7FA"
            />
          </lineargradient>
          <clippath
            id="clip0_44_427"
          >
            <rect
              fill="white"
              height="420"
              width="640"
            />
          </clippath>
        </defs>
      </svg>
    </div>
    <div
      class="i-empty-description"
    >
      暂无数据
    </div>
  </div>
</DocumentFragment>
`;
