// Jest Snapshot v1, https://goo.gl/fbAQLP

exports[`Table 组件测试 create 1`] = `
<DocumentFragment>
  <div
    class="i-table"
  >
    <table
      class="i-table-thead__wrapper"
    >
      <colgroup />
      <thead
        class="i-table-thead"
      >
        <tr
          class="i-table-tr"
        >
          <th
            class="i-table-th"
          >
            ID
          </th>
          <th
            class="i-table-th"
          >
            Name
          </th>
          <th
            class="i-table-th"
          >
            Age
          </th>
          <th
            class="i-table-th"
          >
            Salary
          </th>
          <th
            class="i-table-th"
          >
            Address
          </th>
          <th
            class="i-table-th"
          >
            Email
          </th>
        </tr>
      </thead>
    </table>
    <div
      class="i-table-tbody__box"
    >
      <table
        class="i-table-tbody__wrapper"
      >
        <colgroup />
        <tbody
          class="i-table-tbody"
        >
          <tr
            class="i-table-tr"
          >
            <td
              class="i-table-td"
            >
              103761657
            </td>
            <td
              class="i-table-td"
            >
              Jane Doe
            </td>
            <td
              class="i-table-td"
            >
              21
            </td>
            <td
              class="i-table-td"
            >
              23000
            </td>
            <td
              class="i-table-td"
            >
              11 Park Road, Guangzhou
            </td>
            <td
              class="i-table-td"
            >
              jane.doe@idesign.com
            </td>
          </tr>
          <tr
            class="i-table-tr"
          >
            <td
              class="i-table-td"
            >
              761651037
            </td>
            <td
              class="i-table-td"
            >
              Alisa Ross
            </td>
            <td
              class="i-table-td"
            >
              22
            </td>
            <td
              class="i-table-td"
            >
              25000
            </td>
            <td
              class="i-table-td"
            >
              22 Park Road, Guangzhou
            </td>
            <td
              class="i-table-td"
            >
              alisa.ross@idesign.com
            </td>
          </tr>
          <tr
            class="i-table-tr"
          >
            <td
              class="i-table-td"
            >
              373567616
            </td>
            <td
              class="i-table-td"
            >
              Kevin Sandra
            </td>
            <td
              class="i-table-td"
            >
              23
            </td>
            <td
              class="i-table-td"
            >
              22000
            </td>
            <td
              class="i-table-td"
            >
              33 Park Road, Guangzhou
            </td>
            <td
              class="i-table-td"
            >
              kevin.sandra@idesign.com
            </td>
          </tr>
          <tr
            class="i-table-tr"
          >
            <td
              class="i-table-td"
            >
              735646761
            </td>
            <td
              class="i-table-td"
            >
              Ed Hellen
            </td>
            <td
              class="i-table-td"
            >
              24
            </td>
            <td
              class="i-table-td"
            >
              17000
            </td>
            <td
              class="i-table-td"
            >
              44 Park Road, Guangzhou
            </td>
            <td
              class="i-table-td"
            >
              ed.hellen@idesign.com
            </td>
          </tr>
          <tr
            class="i-table-tr"
          >
            <td
              class="i-table-td"
            >
              647616735
            </td>
            <td
              class="i-table-td"
            >
              William Smith
            </td>
            <td
              class="i-table-td"
            >
              25
            </td>
            <td
              class="i-table-td"
            >
              27000
            </td>
            <td
              class="i-table-td"
            >
              55 Park Road, Guangzhou
            </td>
            <td
              class="i-table-td"
            >
              william.smith@idesign.com
            </td>
          </tr>
          <tr
            class="i-table-tr"
          >
            <td
              class="i-table-td"
            >
              616736475
            </td>
            <td
              class="i-table-td"
            >
              Tim Cook
            </td>
            <td
              class="i-table-td"
            >
              26
            </td>
            <td
              class="i-table-td"
            >
              36000
            </td>
            <td
              class="i-table-td"
            >
              66 Park Road, Guangzhou
            </td>
            <td
              class="i-table-td"
            >
              tim.cook@idesign.com
            </td>
          </tr>
          <tr
            class="i-table-tr"
          >
            <td
              class="i-table-td"
            >
              475761636
            </td>
            <td
              class="i-table-td"
            >
              Bill Gates
            </td>
            <td
              class="i-table-td"
            >
              27
            </td>
            <td
              class="i-table-td"
            >
              12000
            </td>
            <td
              class="i-table-td"
            >
              77 Park Road, Guangzhou
            </td>
            <td
              class="i-table-td"
            >
              bill.gates@idesign.com
            </td>
          </tr>
          <tr
            class="i-table-tr"
          >
            <td
              class="i-table-td"
            >
              364616775
            </td>
            <td
              class="i-table-td"
            >
              Steve Jobs
            </td>
            <td
              class="i-table-td"
            >
              28
            </td>
            <td
              class="i-table-td"
            >
              66000
            </td>
            <td
              class="i-table-td"
            >
              88 Park Road, Guangzhou
            </td>
            <td
              class="i-table-td"
            >
              steve.jobs@idesign.com
            </td>
          </tr>
        </tbody>
      </table>
    </div>
  </div>
</DocumentFragment>
`;
